// Jest Snapshot v1, https://goo.gl/fbAQLP

exports[`<App /> should match snapshot 1`] = `
<div
  className="App"
>
  <header
    className="App-header"
  >
    <img
      alt="logo"
      className="App-logo"
      src="logo.svg"
    />
    <div>
      <h1>
        Child Component
      </h1>
    </div>
    <div />
    <h1
      className="display"
    >
      Off
    </h1>
    <button
      className="toggle-bn"
      onClick={[Function]}
    >
      Toggle
    </button>
  </header>
</div>
`;
